n/_Ydi9AHijag.jpg
n/_nPxggSUpIg.jpg
n/_nafW7pX5FY.jpg
n/_hsT0KU7HUA.jpg
n/_Fc18AKviDg.jpg
n/_8GpMNWrXQw.jpg
n/_54mSRhVC-4.jpg
n/_0p-r7ZnLNg.jpg
n/zY_ww-aVYSU.jpg
n/ZUkKkXmxbbw.jpg
n/zu-A502Arwg.jpg
n/Zt3XsCseuu4.jpg
n/zomsaWrT2LE.jpg
n/zOcBLqLMLzM.jpg
n/zJZKkB_8Nn0.jpg
n/z9A26MwBnSg.jpg
n/Y_ZgS-x6Om0.jpg
n/YzEFuoULfog.jpg
n/yVqXFHQnhxs.jpg
n/yV7fc5OpvkY.jpg
n/YTX736fGcWE.jpg
n/YRzP7huUGtE.jpg
n/ykgnpUNl1Iw.jpg
n/yjW_c4L14Vw.jpg
n/ycKeEVGDGBE.jpg
n/ybwcHkDSqK8.jpg
n/Y6q78xCA3Pc.jpg
n/xYVpctliPH8.jpg
n/xuWROtN2YBo.jpg
n/xRU1ZdYo2X4.jpg
n/XQOJ7qGuMXg.jpg
n/xPz9qqqXaKg.jpg
n/xhvkacT14WY.jpg
n/xDrKubSfIL0.jpg
n/xbX45uilg_Y.jpg
n/WqLMCPQpJdE.jpg
n/wOSQiFDxTFA.jpg
n/WnkSzR-Trbg.jpg
n/wNd7yxfT1_A.jpg
n/wmxHGuRPtj4.jpg
n/wggf2wDJFCc.jpg
n/WAPxUpNjy60.jpg
n/W9czYMCrcZk.jpg
n/w4AdRERZ-nQ.jpg
n/vwB1WTZF3pI.jpg
n/vRV1SyNdio8.jpg
n/VPrPkuUvW0s.jpg
n/vnOt9LI6IiE.jpg
n/vLst2JX2ZBI.jpg
n/vl8WvczIEXM.jpg
n/VhYw_3RZyqg.jpg
n/vhkh2pyX4FA.jpg
n/VA4KUyWCkwg.jpg
n/V9OqhZG5FJA.jpg
n/v2tRqga-Fyw.jpg
n/UvVSsE28KCU.jpg
n/UUQj1BxAyTc.jpg
n/uUBltZemj1E.jpg
n/UtkiYcTwLXg.jpg
n/UNxlNyPwkB0.jpg
n/UNUWJsG0AgA.jpg
n/ujDC--I0H04.jpg
n/U8O_9vYXMhs.jpg
n/tzUX3fPgUHk.jpg
n/tXAclNdcIjc.jpg
n/TW0PfbUfei8.jpg
n/tpou0mcsSks.jpg
n/Tofz5oaQwlc.jpg
n/tm-a8wkhRss.jpg
n/tJYSlXu9LZU.jpg
n/tjfretd-MjM.jpg
n/t4QKpSFAHdQ.jpg
n/t-z9AZUSPGY.jpg
n/T-hu0HRkBwk.jpg
n/sZlinKhTSqw.jpg
n/SxTqKPFlvdo.jpg
n/stJtGSMFrWg.jpg
n/sSQ2Ojkm88k.jpg
n/ss4Nb_fKjfc.jpg
n/Slf0ZeewDbA.jpg
n/sj71_ObSwD4.jpg
n/SCGiTq5NLVA.jpg
n/S8qq91Bb9cs.jpg
n/s-UEkyxif6Y.jpg
n/rX_KroGRW6s.jpg
n/RWCyUDnSg5Y.jpg
n/rmoAh89JTGM.jpg
n/riJdAz0-g4Q.jpg
n/RfAYgPcfnKI.jpg
n/RDlW2RbCwwc.jpg
n/RAuFpCRhYzw.jpg
n/r5kuTIVvzlI.jpg
n/r4oekBkaF2Y.jpg
n/qRaEf5jnYyc.jpg
n/QnciPuAXH1U.jpg
n/QN-6Ue4Q22E.jpg
n/qkvpirt2ZQI.jpg
n/qhzld3Bg6nY.jpg
n/QhrFdYzT27c.jpg
n/QfJQ_bIVaiU.jpg
n/qeiyUaSX6fk.jpg
n/qApijzOUO84.jpg
n/pRSIJqvgmLM.jpg
n/pRg2y9nMYE0.jpg
n/Pp0s9F1u-wo.jpg
n/PKTRhI6iKqU.jpg
n/PD8qXjfK7b0.jpg
n/P9zE-5gZXf8.jpg
n/ozLwIFZgBgg.jpg
n/ow-uMyNRfwY.jpg
n/Ospa7r8y95o.jpg
n/ooxzy4JN6gw.jpg
n/oNbWajQVSkI.jpg
n/OmXcBWss8cA.jpg
n/oLqWzls1Zps.jpg
n/okv2LhNpkmA.jpg
n/ojZ9V2l6tRA.jpg
n/OhGmEgdYo1Q.jpg
n/oGN8DwirSZc.jpg
n/OG9Ll1uZEPo.jpg
n/ObOpJxjNNiQ.jpg
n/O1q_hYctg4o.jpg
n/o-3tWZSkpgY.jpg
n/NxGcrC8sLss.jpg
n/nW1HHttYIEg.jpg
n/ntAQf2rCLHY.jpg
n/nL9SZCbmr0w.jpg
n/NC6WJEX9nuY.jpg
n/N39evLga9So.jpg
n/myWQIALr1BY.jpg
n/mwUaevykRyY.jpg
n/MW9LGHb_Rnc.jpg
n/musOb4yMhck.jpg
n/MThIIpW8rpU.jpg
n/mKwr4rYEGIo.jpg
n/MHwOy4hKF-k.jpg
n/MeAu00oiMsw.jpg
n/mAd9oVxn1pE.jpg
n/m8u5msYrZeI.jpg
n/m7o_nS5009c.jpg
n/LZgeA5DdDpA.jpg
n/LyamBks__LM.jpg
n/lWFJORMYjkM.jpg
n/lqFQg5X3FpI.jpg
n/lqD4FpgTJjI.jpg
n/LMRxccGOmfQ.jpg
n/ljzBByu5p3g.jpg
n/lhhNSutemZ0.jpg
n/lBq9txCMMOs.jpg
n/L915ZDMBh_I.jpg
n/l8WK_xL7df0.jpg
n/L3FWzqGXYSI.jpg
n/KomKyrYzY8I.jpg
n/kME9jbKd--s.jpg
n/kkwsBHuWdrU.jpg
n/kiVhaqtiwmY.jpg
n/kE8n4ODu6fs.jpg
n/kB89qNVpSzs.jpg
n/k43le38zytc.jpg
n/jxc6RY5ASE8.jpg
n/jn2vx30DUlo.jpg
n/Jm9ba_1Rouw.jpg
n/JLzFPHjRW7U.jpg
n/JkDMuTXqk2g.jpg
n/J0Jeq26-nVM.jpg
n/IgDHRAQxduM.jpg
n/IBGqZJUDghM.jpg
n/I90YtAHCTxo.jpg
n/I8COb0UAalw.jpg
n/i5FxYXdVgFo.jpg
n/HMTPen8D4TQ.jpg
n/hlGW9ugUE2o.jpg
n/hj820RLVPOs.jpg
n/hiDnpd-p-eE.jpg
n/HAdecBz0rZA.jpg
n/H9DrFWqB2VY.jpg
n/H8rx65QnZio.jpg
n/h39oq0fa0oY.jpg
n/GYrYPUIOatY.jpg
n/GmTIIXGzB5Q.jpg
n/GLK4XxqRl3I.jpg
n/GK1AcCysTm8.jpg
n/gJ35LJR8mXA.jpg
n/GhZOsk0_moY.jpg
n/gFgKa_ftMOE.jpg
n/Gf0ak1jisMY.jpg
n/GauZ7h1txNU.jpg
n/g7KtRh6Nl00.jpg
n/G6ELR8nQxfc.jpg
n/fYEoxYcX4ck.jpg
n/Fw_NX0C1Xco.jpg
n/frVLSys60ZE.jpg
n/fMadxyp8dxw.jpg
n/fighSBrjl6w.jpg
n/ffnxafy27W8.jpg
n/FcUPSM-nGGk.jpg
n/F9rfL_0FQ-Y.jpg
n/F4w_T20l4-o.jpg
n/f1Wv0kEphFc.jpg
n/EZ6wRYO3lZM.jpg
n/exOY7Xg0gWI.jpg
n/Exk_t_KKtbU.jpg
n/exeiqaZlBV4.jpg
n/eqGh2Fg0nng.jpg
n/EPEYcAxt54c.jpg
n/ejWm0OwjifI.jpg
n/eDJ7px1nkkE.jpg
n/Eas9eyhsNko.jpg
n/e93cEY8BY0I.jpg
n/E6iWVcPdT6o.jpg
n/dwJ_wgnL2CQ.jpg
n/DVfPUzJ8Ql0.jpg
n/DUDbViuozxg.jpg
n/dhf9Z6-9pqA.jpg
n/dgLIg8n_6As.jpg
n/dEHzGOmyC7M.jpg
n/dDJIrCvxvDw.jpg
n/d7_SHgeAI-I.jpg
n/d7Lv1Uypl3c.jpg
n/D5b7Hj5KNEA.jpg
n/c_uU7eMrr0M.jpg
n/CxEKq3ioG7s.jpg
n/Cvui64tfAcU.jpg
n/Ctwn20w6C-A.jpg
n/cqVb3Pod2PY.jpg
n/CQ4z7Z0NSP8.jpg
n/CPNb3qIlRXU.jpg
n/CnjHoCuLw6M.jpg
n/CgvvDdzXt1Q.jpg
n/cfQzDaFcAMk.jpg
n/cbupDIGdhPU.jpg
n/cbOa0qgAit4.jpg
n/Cb5kX_bHOQY.jpg
n/c8LF7Z1xnrk.jpg
n/c5mf6h_52-Y.jpg
n/bOeuBJWa94I.jpg
n/bMJyKZLA7hw.jpg
n/BL3o78s_Cvg.jpg
n/AZt3nQ4qaaQ.jpg
n/aoNuIXxWItQ.jpg
n/ABTkSg3gOAA.jpg
n/a9kHtTbjpwY.jpg
n/a7VmqaEXvCE.jpg
n/A4TtfFo_qRw.jpg
n/9zB0yXnDta4.jpg
n/9yFFmEWY9Fc.jpg
n/9uZX2taqn_k.jpg
n/9uWkID2TCIE.jpg
n/9P5mCrQYB8w.jpg
n/9Oc0K9_54Jc.jpg
n/9loGxuV7E_4.jpg
n/9bOHP92SPck.jpg
n/969jl2eGQ8A.jpg
n/8yj7kR5FPFM.jpg
n/8gi00JZ5ezk.jpg
n/89VncJbxGdY.jpg
n/88LNB7QuiQo.jpg
n/883h11Dp8bw.jpg
n/7ko0mjoZVu8.jpg
n/6wOeGqQ-5f4.jpg
n/6rAS2l-Flbg.jpg
n/6oV5hcomuK8.jpg
n/5qUCTNr0GCU.jpg
n/5PKpMA-FfLM.jpg
n/5AftAzShDDQ.jpg
n/59txUtbw_GQ.jpg
n/4nTZMbK80Ks.jpg
n/4FHF4kCnj8A.jpg
n/48ZMMzHNL1Q.jpg
n/445wSdzbDxk.jpg
n/41QmOAfZoz0.jpg
n/3xIfpEN17pQ.jpg
n/3VxWVoU4XLE.jpg
n/3rs_G_HfFfg.jpg
n/3jREsILPt1o.jpg
n/3CleWb6Qm3M.jpg
n/39s8rHKKXSc.jpg
n/3-gLyzpdW7o.jpg
n/2ZMj_aeGuNI.jpg
n/2tzYhbFfLX8.jpg
n/2traO8q7i5g.jpg
n/2Qs3kvXGwjg.jpg
n/2MvgM5vKFr4.jpg
n/2jXAYccJY5s.jpg
n/2EO7lifjx3s.jpg
n/21_ODNnB_kk.jpg
n/1vdmsiyX9W8.jpg
n/1U0l1_uij8Y.jpg
n/1kO2SK998k0.jpg
n/180XVC90oHM.jpg
n/13EMxMYjHIE.jpg
n/0tcgMRJKDf8.jpg
n/0QkP2NMGTbM.jpg
n/0N1CNxOqwI0.jpg
n/0LZ-cXYxwX0.jpg
n/0FWSTb-cQos.jpg
n/0aWlb53G4uE.jpg
n/-QedPbdGy5U.jpg
n/-qdYza8YKM0.jpg
n/-PFqsBobGZo.jpg
n/-nXMeXhYEu0.jpg
n/-NhMVdaLQTE.jpg
n/-Mc_KOloTMU.jpg
n/-JqY_r3FBpg.jpg
n/-eYeSrNBFu8.jpg
n/-4robGVJTdY.jpg